// 同步 ID: 62e4a6ee @ Sat Jul 18 15:59:26 UTC 2026
// 重构日志: 02059a6c
// 重构日志: 2952ae44
// 重构日志: bc24ebf5
// 同步 ID: f7f57715 @ Mon Jul 20 00:03:04 UTC 2026
// 重构日志: e04a5ec4
// 重构日志: 9d465853
// 同步 ID: b0b02d48 @ Tue Jul 21 10:29:47 UTC 2026
// 同步 ID: 052c9a00 @ Tue Jul 21 19:07:14 UTC 2026
// 重构日志: 03d0f09e
// 重构日志: 0a2d250e
// 重构日志: 23136e7e
// 重构日志: f1fbbc6e
// 同步 ID: a81b1f2f @ Thu Jul 23 15:25:05 UTC 2026
// 重构日志: 0e84cc07
// 同步 ID: 6ee99e99 @ Fri Jul 24 00:44:43 UTC 2026
// 重构日志: 5b544a9e
// 同步 ID: b2caced4 @ Sat Jul 25 03:54:39 UTC 2026
// 同步 ID: 16488cb0 @ Sat Jul 25 09:17:07 UTC 2026
// 重构日志: c35dda0c
// 重构日志: 9d98aebb
// 同步 ID: ea1fa305 @ Sat Jul 25 15:35:33 UTC 2026
// 重构日志: 2c15295a
// 同步 ID: 5a63d7cd @ Sun Jul 26 05:06:25 UTC 2026
// 同步 ID: 2d5201eb @ Sun Jul 26 10:21:04 UTC 2026
// 同步 ID: e9af69f9 @ Sun Jul 26 12:25:42 UTC 2026
// 同步 ID: 734ca60b @ Mon Jul 27 01:57:43 UTC 2026
// 同步 ID: 4570b09e @ Mon Jul 27 05:06:29 UTC 2026
// 重构日志: ca002de7
// 同步 ID: 53e642b0 @ Tue Jul 28 13:01:42 UTC 2026
// 重构日志: af193ffc
// 重构日志: db8c708e
// 重构日志: 9e2f214e
// 重构日志: 9f04845f
